[www.higinet.com.br/index.html]
[backblue.gif]
[fade.gif]
[index.html]
[images.tcdn.com.br/img/img_prod/767437/1586184024_favicon8561.ico]
[images.tcdn.com.br/commerce/assets/store/css/dist/cart_preview.min7bff.css]
[images.tcdn.com.br/commerce/assets/store/css/dist/bootstrap-modal.min7bff.css]
[images.tcdn.com.br/commerce/assets/store/css/dist/suggestion.min7bff.css]
[images.tcdn.com.br/files/767437/themes/37/css/main.min7bff.css]
[images.tcdn.com.br/img/img_prod/767437/1638276809_1586178260_logo-higinet.png]
[images.tcdn.com.br/files/767437/themes/37/img/image7bff.png]
[images.tcdn.com.br/img/img_prod/767437/1672846164_baner_higinet_suportes_papeis_e_sabonetes.jpg]
[images.tcdn.com.br/img/img_prod/767437/1672846164_baner_higinete_papeis_interfolhados.jpg]
[images.tcdn.com.br/img/img_prod/767437/1623445027_bnannersacodelixo.jpg]
[images.tcdn.com.br/img/img_prod/767437/1672847304_banner_higinet_3.jpg]
[images.tcdn.com.br/img/img_prod/767437/1652188490_limpeza_domestica_1-min.png]
[images.tcdn.com.br/img/img_prod/767437/1652188478_kit_dispenser-min.png]
[images.tcdn.com.br/commerce/assets/store/img/icons/formas_pagamento/pag_peqcartavisatraycheckout7bff.png]
[images.tcdn.com.br/commerce/assets/store/img/icons/formas_pagamento/pag_peqmastercardtraycheckout7bff.png]
[images.tcdn.com.br/commerce/assets/store/img/icons/formas_pagamento/pag_peqdinerstraycheckout7bff.png]
[images.tcdn.com.br/commerce/assets/store/img/icons/formas_pagamento/pag_peqamextraycheckout7bff.png]
[images.tcdn.com.br/commerce/assets/store/img/icons/formas_pagamento/pag_peqelotraycheckout7bff.png]
[images.tcdn.com.br/commerce/assets/store/img/icons/formas_pagamento/pag_pd_peqcartaohiper7bff.png]
[images.tcdn.com.br/commerce/assets/store/img/icons/formas_pagamento/pag_peqcartaohiperit7bff.png]
[images.tcdn.com.br/commerce/assets/store/img/icons/formas_pagamento/pag_peqboletotraycheckout7bff.png]
[images.tcdn.com.br/commerce/assets/store/img/icons/formas_pagamento/pag_peqAuxilioEmergencialCaixa7bff.png]
[images.tcdn.com.br/commerce/assets/store/img/icons/formas_pagamento/pag_peqpix7bff.png]
[images.tcdn.com.br/files/767437/themes/37/img/google7bff.png]
[images2.tcdn.com.br/commerce/assets/store/img/selo_lojaprotegida7bff.gif]
[images2.tcdn.com.br/commerce/assets/store/img/loading.svg]
[www.higinet.com.br/index.html]
[images.tcdn.com.br/index.html]
[images1.tcdn.com.br/index.html]
[images2.tcdn.com.br/index.html]
[ssl.google-analytics.com/index.html]
[images.tcdn.com.br/img/img_prod/767437/1672846164_baner_higinet_suportes_papeis_e_sabonetes.jpg]
[images.tcdn.com.br/img/img_prod/767437/1672846164_baner_higinete_papeis_interfolhados.jpg]
[images.tcdn.com.br/img/img_prod/767437/1672847304_banner_higinet_3.jpg]
[images.tcdn.com.br/img/img_prod/767437/1623445027_bnannersacodelixo.jpg]
[images.tcdn.com.br/commerce/assets/store/css/dist/cart_preview.min7bff.css]
[images.tcdn.com.br/commerce/assets/store/css/dist/bootstrap-modal.min7bff.css]
[images.tcdn.com.br/commerce/assets/store/css/dist/suggestion.min7bff.css]
[images.tcdn.com.br/files/767437/themes/37/css/main.min7bff.css]
[images2.tcdn.com.br/commerce/assets/store/img/loading.svg]
[www.agenciadavis.com/wp-content/uploads/2021/03/logo-pequena-3-2.png]
